[1.126s] Invoking command in '/home/adam/Team9/yer/jetson2026/ros2_ws/src/desktop_detector': PYTHONPATH=/home/adam/Team9/yer/jetson2026/ros2_ws/build/desktop_detector/prefix_override:/usr/lib/python3/dist-packages/colcon_core/task/python/colcon_distutils_commands:/home/adam/Team9/yer/jetson2026/ros2_ws/install/desktop_detector/lib/python3.10/site-packages:${PYTHONPATH} /usr/bin/python3 -W ignore:setup.py install is deprecated -W ignore:easy_install command is deprecated setup.py egg_info --egg-base ../../build/desktop_detector build --build-base /home/adam/Team9/yer/jetson2026/ros2_ws/build/desktop_detector/build install --record /home/adam/Team9/yer/jetson2026/ros2_ws/build/desktop_detector/install.log --single-version-externally-managed install_data
[1.555s] running egg_info
[1.556s] writing ../../build/desktop_detector/desktop_detector.egg-info/PKG-INFO
[1.557s] writing dependency_links to ../../build/desktop_detector/desktop_detector.egg-info/dependency_links.txt
[1.557s] writing entry points to ../../build/desktop_detector/desktop_detector.egg-info/entry_points.txt
[1.558s] writing requirements to ../../build/desktop_detector/desktop_detector.egg-info/requires.txt
[1.558s] writing top-level names to ../../build/desktop_detector/desktop_detector.egg-info/top_level.txt
[1.561s] reading manifest file '../../build/desktop_detector/desktop_detector.egg-info/SOURCES.txt'
[1.562s] writing manifest file '../../build/desktop_detector/desktop_detector.egg-info/SOURCES.txt'
[1.563s] running build
[1.563s] running build_py
[1.563s] running install
[1.564s] running install_lib
[1.566s] running install_data
[1.567s] running install_egg_info
[1.570s] removing '/home/adam/Team9/yer/jetson2026/ros2_ws/install/desktop_detector/lib/python3.10/site-packages/desktop_detector-0.0.1-py3.10.egg-info' (and everything under it)
[1.570s] Copying ../../build/desktop_detector/desktop_detector.egg-info to /home/adam/Team9/yer/jetson2026/ros2_ws/install/desktop_detector/lib/python3.10/site-packages/desktop_detector-0.0.1-py3.10.egg-info
[1.572s] running install_scripts
[1.608s] Installing detector_node script to /home/adam/Team9/yer/jetson2026/ros2_ws/install/desktop_detector/lib/desktop_detector
[1.608s] writing list of installed files to '/home/adam/Team9/yer/jetson2026/ros2_ws/build/desktop_detector/install.log'
[1.673s] Invoked command in '/home/adam/Team9/yer/jetson2026/ros2_ws/src/desktop_detector' returned '0': PYTHONPATH=/home/adam/Team9/yer/jetson2026/ros2_ws/build/desktop_detector/prefix_override:/usr/lib/python3/dist-packages/colcon_core/task/python/colcon_distutils_commands:/home/adam/Team9/yer/jetson2026/ros2_ws/install/desktop_detector/lib/python3.10/site-packages:${PYTHONPATH} /usr/bin/python3 -W ignore:setup.py install is deprecated -W ignore:easy_install command is deprecated setup.py egg_info --egg-base ../../build/desktop_detector build --build-base /home/adam/Team9/yer/jetson2026/ros2_ws/build/desktop_detector/build install --record /home/adam/Team9/yer/jetson2026/ros2_ws/build/desktop_detector/install.log --single-version-externally-managed install_data
